// Jest Snapshot v1, https://goo.gl/fbAQLP

exports[`Nav bar renders correctly 1`] = `
<Header>
  <Link
    href="/"
  >
    <div
      className="logo"
    >
      <a>
        X Choice
      </a>
    </div>
  </Link>
  <Menu
    mode="horizontal"
    theme="dark"
  >
    <MenuItem>
      <Link
        href="/survey/create"
      >
        <a>
          Create Survey
        </a>
      </Link>
    </MenuItem>
    <MenuItem>
      <Link
        href="/dashboard"
      >
        <a>
          My Surveys
        </a>
      </Link>
    </MenuItem>
  </Menu>
</Header>
`;
