// Jest Snapshot v1, https://goo.gl/fbAQLP

exports[`Nav bar renders correctly 1`] = `
<Fragment>
  <Header>
    <Link
      href="/"
    >
      <div
        className="logo"
      >
        <Image
          alt="X Choice"
          className="logoImg"
          height="50"
          src="/logo.png"
          width="50"
        />
        <span
          className="logoText"
        >
          Choice
        </span>
      </div>
    </Link>
    <Menu
      mode="horizontal"
      theme="dark"
    >
      <div
        onClick={[Function]}
        style={
          Object {
            "float": "right",
          }
        }
      >
        <ForwardRef(MenuOutlined)
          style={
            Object {
              "color": "white",
            }
          }
        />
      </div>
    </Menu>
  </Header>
  <DrawerWrapper
    closable={false}
    onClose={[Function]}
    placement="right"
    title=""
    visible={false}
  >
    <div
      className="drawerItem"
    >
      <Link
        href="/survey/create"
      >
        Create Survey
      </Link>
    </div>
    <div
      className="drawerItem"
    >
      <Link
        href="/dashboard"
      >
        My Surveys
      </Link>
    </div>
    <Divider
      dashed={true}
    />
    <div
      className="drawerItem"
    >
      <a
        href=""
        onClick={[Function]}
      >
        Logout
      </a>
    </div>
  </DrawerWrapper>
</Fragment>
`;
