// Jest Snapshot v1, https://goo.gl/fbAQLP

exports[`Home page renders correctly 1`] = `
<div>
  <Layout
    title="X Choice"
  >
    <div
      className="homeContainer"
    >
      <p
        className="title"
      >
        Welcome back, Kevin Wang!
      </p>
      <Button
        block={false}
        ghost={false}
        htmlType="button"
        loading={false}
        onClick={[Function]}
        shape="round"
        size="large"
        type="primary"
      >
        Create Survey Now
      </Button>
    </div>
  </Layout>
</div>
`;
